
> customs-accounting-frontend@1.0.0 dev
> vite


  [32m[1mVITE[22m v5.4.21[39m  [2mready in [0m[1m645[22m[2m[0m ms[22m

  [32m➜[39m  [1mLocal[22m:   [36mhttp://localhost:[1m5173[22m/[39m
[2m  [32m➜[39m  [1mNetwork[22m[2m: use [22m[1m--host[22m[2m to expose[22m
[2m[32m  ➜[39m[22m[2m  press [22m[1mh + enter[22m[2m to show help[22m
[2m7:59:58 AM[22m [36m[1m[vite][22m[39m [32mhmr update [39m[2m/src/pages/ContainerDetail.jsx[22m
[2m8:00:19 AM[22m [36m[1m[vite][22m[39m [32mhmr update [39m[2m/src/pages/ContainerDetail.jsx[22m
[2m8:00:37 AM[22m [36m[1m[vite][22m[39m [32mhmr update [39m[2m/src/pages/ContainerDetail.jsx[22m
[2m8:00:41 AM[22m [36m[1m[vite][22m[39m [32mhmr update [39m[2m/src/pages/ContainerDetail.jsx[22m
[2m8:00:54 AM[22m [36m[1m[vite][22m[39m [32mhmr update [39m[2m/src/index.css[22m
[2m8:10:05 AM[22m [36m[1m[vite][22m[39m [32mhmr update [39m[2m/src/pages/ContainerDetail.jsx[22m
[2m8:10:18 AM[22m [36m[1m[vite][22m[39m [32mhmr update [39m[2m/src/pages/ContainerDetail.jsx[22m
[2m8:10:21 AM[22m [36m[1m[vite][22m[39m [32mhmr update [39m[2m/src/index.css[22m
[2m8:20:16 AM[22m [36m[1m[vite][22m[39m [32mhmr update [39m[2m/src/pages/Dashboard.jsx[22m
[2m8:20:16 AM[22m [36m[1m[vite][22m[39m [33mhmr invalidate [39m[2m/src/pages/Dashboard.jsx[22m Could not Fast Refresh ("fmt" export is incompatible). Learn more at https://github.com/vitejs/vite-plugin-react/tree/main/packages/plugin-react#consistent-components-exports
[2m8:20:16 AM[22m [36m[1m[vite][22m[39m [32mhmr update [39m[2m/src/App.jsx, /src/pages/Customers.jsx, /src/pages/PricingQueue.jsx, /src/pages/FinishedContainers.jsx, /src/pages/CustomerStatement.jsx, /src/pages/Expenses.jsx, /src/pages/CustomerBalance.jsx, /src/pages/ContainerDetail.jsx, /src/pages/Reports.jsx, /src/pages/Financial.jsx, /src/pages/GeneralExpenses.jsx, /src/pages/ListeBL.jsx[22m
[2m8:21:36 AM[22m [36m[1m[vite][22m[39m [32mhmr update [39m[2m/src/pages/Containers.jsx[22m
[2m8:48:46 AM[22m [36m[1m[vite][22m[39m [32mhmr update [39m[2m/src/App.jsx[22m
[2m8:48:54 AM[22m [36m[1m[vite][22m[39m [32mhmr update [39m[2m/src/App.jsx[22m
[2m8:48:56 AM[22m [36m[1m[vite][22m[39m [32mhmr update [39m[2m/src/pages/Dashboard.jsx[22m
[2m8:48:56 AM[22m [36m[1m[vite][22m[39m [33mhmr invalidate [39m[2m/src/pages/Dashboard.jsx[22m Could not Fast Refresh ("fmt" export is incompatible). Learn more at https://github.com/vitejs/vite-plugin-react/tree/main/packages/plugin-react#consistent-components-exports
[2m8:48:56 AM[22m [36m[1m[vite][22m[39m [32mhmr update [39m[2m/src/App.jsx, /src/pages/Customers.jsx, /src/pages/PricingQueue.jsx, /src/pages/FinishedContainers.jsx, /src/pages/CustomerStatement.jsx, /src/pages/Expenses.jsx, /src/pages/CustomerBalance.jsx, /src/pages/ContainerDetail.jsx, /src/pages/Reports.jsx, /src/pages/Financial.jsx, /src/pages/GeneralExpenses.jsx, /src/pages/ListeBL.jsx, /src/pages/Containers.jsx[22m
[2m8:49:00 AM[22m [36m[1m[vite][22m[39m [32mhmr update [39m[2m/src/pages/Dashboard.jsx[22m
[2m8:49:00 AM[22m [36m[1m[vite][22m[39m [33mhmr invalidate [39m[2m/src/pages/Dashboard.jsx[22m Could not Fast Refresh ("fmt" export is incompatible). Learn more at https://github.com/vitejs/vite-plugin-react/tree/main/packages/plugin-react#consistent-components-exports
[2m8:49:00 AM[22m [36m[1m[vite][22m[39m [32mhmr update [39m[2m/src/App.jsx, /src/pages/Customers.jsx, /src/pages/PricingQueue.jsx, /src/pages/FinishedContainers.jsx, /src/pages/CustomerStatement.jsx, /src/pages/Expenses.jsx, /src/pages/CustomerBalance.jsx, /src/pages/ContainerDetail.jsx, /src/pages/Reports.jsx, /src/pages/Financial.jsx, /src/pages/GeneralExpenses.jsx, /src/pages/ListeBL.jsx, /src/pages/Containers.jsx[22m
[2m8:49:01 AM[22m [36m[1m[vite][22m[39m [32mhmr update [39m[2m/src/pages/Dashboard.jsx[22m
[2m8:49:01 AM[22m [36m[1m[vite][22m[39m [33mhmr invalidate [39m[2m/src/pages/Dashboard.jsx[22m Could not Fast Refresh ("fmt" export is incompatible). Learn more at https://github.com/vitejs/vite-plugin-react/tree/main/packages/plugin-react#consistent-components-exports
[2m8:49:01 AM[22m [36m[1m[vite][22m[39m [32mhmr update [39m[2m/src/App.jsx, /src/pages/Customers.jsx, /src/pages/PricingQueue.jsx, /src/pages/FinishedContainers.jsx, /src/pages/CustomerStatement.jsx, /src/pages/Expenses.jsx, /src/pages/CustomerBalance.jsx, /src/pages/ContainerDetail.jsx, /src/pages/Reports.jsx, /src/pages/Financial.jsx, /src/pages/GeneralExpenses.jsx, /src/pages/ListeBL.jsx, /src/pages/Containers.jsx[22m
[2m8:49:05 AM[22m [36m[1m[vite][22m[39m [32mhmr update [39m[2m/src/pages/ListeBL.jsx[22m
[2m8:49:08 AM[22m [36m[1m[vite][22m[39m [32mhmr update [39m[2m/src/pages/ListeBL.jsx[22m
[2m8:49:17 AM[22m [36m[1m[vite][22m[39m [32mhmr update [39m[2m/src/pages/ListeBL.jsx[22m
[2m8:49:21 AM[22m [36m[1m[vite][22m[39m [32mhmr update [39m[2m/src/pages/ListeBL.jsx[22m
[2m8:49:22 AM[22m [36m[1m[vite][22m[39m [32mhmr update [39m[2m/src/pages/ListeBL.jsx[22m
[2m8:49:23 AM[22m [36m[1m[vite][22m[39m [32mhmr update [39m[2m/src/pages/ListeBL.jsx[22m
[2m8:49:25 AM[22m [36m[1m[vite][22m[39m [32mhmr update [39m[2m/src/pages/ListeBL.jsx[22m
[2m8:50:09 AM[22m [36m[1m[vite][22m[39m [32mhmr update [39m[2m/src/pages/ListeBL.jsx[22m
[2m8:50:15 AM[22m [36m[1m[vite][22m[39m [32mhmr update [39m[2m/src/pages/ContainerDetail.jsx[22m
[2m8:50:15 AM[22m [36m[1m[vite][22m[39m [32mhmr update [39m[2m/src/pages/Containers.jsx[22m
[2m8:51:11 AM[22m [36m[1m[vite][22m[39m [32mhmr update [39m[2m/src/pages/FinishedContainers.jsx[22m
[2m8:51:17 AM[22m [36m[1m[vite][22m[39m [32mhmr update [39m[2m/src/pages/FinishedContainers.jsx[22m
[2m8:51:18 AM[22m [36m[1m[vite][22m[39m [32mhmr update [39m[2m/src/pages/FinishedContainers.jsx[22m
[2m8:51:18 AM[22m [31m[1m[vite][22m[39m [31mInternal server error: C:\Users\LMR\Downloads\BLtoXML\customs-accounting\frontend\src\pages\FinishedContainers.jsx: Expected corresponding JSX closing tag for <tr>. (74:18)

[0m [90m 72 |[31m                     [33m<[31m[33m/[31m[33mspan[31m[33m>[31m
 [90m 73 |[31m                   [33m<[31m[33m/[31m[33mtd[31m[33m>[31m
[31m[1m>[22m[31m[90m 74 |[31m                   [33m<[31m[33m/[31m[33mtd[31m[33m>[31m
 [90m    |[31m                   [31m[1m^[22m[31m
 [90m 75 |[31m                 [33m<[31m[33m/[31m[33mtr[31m[33m>[31m
 [90m 76 |[31m               )[33m;[31m
 [90m 77 |[31m             })}[0m[39m
  Plugin: [35mvite:react-babel[39m
  File: [36mC:/Users/LMR/Downloads/BLtoXML/customs-accounting/frontend/src/pages/FinishedContainers.jsx[39m:74:18
[33m  72 |                      </span>
  73 |                    </td>
  74 |                    </td>
     |                    ^
  75 |                  </tr>
  76 |                );[39m
      at constructor (C:\Users\LMR\Downloads\BLtoXML\customs-accounting\frontend\node_modules\@babel\parser\lib\index.js:369:19)
      at JSXParserMixin.raise (C:\Users\LMR\Downloads\BLtoXML\customs-accounting\frontend\node_modules\@babel\parser\lib\index.js:6620:19)
      at JSXParserMixin.jsxParseElementAt (C:\Users\LMR\Downloads\BLtoXML\customs-accounting\frontend\node_modules\@babel\parser\lib\index.js:4743:16)
      at JSXParserMixin.jsxParseElement (C:\Users\LMR\Downloads\BLtoXML\customs-accounting\frontend\node_modules\@babel\parser\lib\index.js:4765:17)
      at JSXParserMixin.parseExprAtom (C:\Users\LMR\Downloads\BLtoXML\customs-accounting\frontend\node_modules\@babel\parser\lib\index.js:4775:19)
      at JSXParserMixin.parseExprSubscripts (C:\Users\LMR\Downloads\BLtoXML\customs-accounting\frontend\node_modules\@babel\parser\lib\index.js:11102:23)
      at JSXParserMixin.parseUpdate (C:\Users\LMR\Downloads\BLtoXML\customs-accounting\frontend\node_modules\@babel\parser\lib\index.js:11087:21)
      at JSXParserMixin.parseMaybeUnary (C:\Users\LMR\Downloads\BLtoXML\customs-accounting\frontend\node_modules\@babel\parser\lib\index.js:11067:23)
      at JSXParserMixin.parseMaybeUnaryOrPrivate (C:\Users\LMR\Downloads\BLtoXML\customs-accounting\frontend\node_modules\@babel\parser\lib\index.js:10920:61)
      at JSXParserMixin.parseExprOps (C:\Users\LMR\Downloads\BLtoXML\customs-accounting\frontend\node_modules\@babel\parser\lib\index.js:10925:23)
      at JSXParserMixin.parseMaybeConditional (C:\Users\LMR\Downloads\BLtoXML\customs-accounting\frontend\node_modules\@babel\parser\lib\index.js:10902:23)
      at JSXParserMixin.parseMaybeAssign (C:\Users\LMR\Downloads\BLtoXML\customs-accounting\frontend\node_modules\@babel\parser\lib\index.js:10852:21)
      at C:\Users\LMR\Downloads\BLtoXML\customs-accounting\frontend\node_modules\@babel\parser\lib\index.js:10821:39
      at JSXParserMixin.allowInAnd (C:\Users\LMR\Downloads\BLtoXML\customs-accounting\frontend\node_modules\@babel\parser\lib\index.js:12455:12)
      at JSXParserMixin.parseMaybeAssignAllowIn (C:\Users\LMR\Downloads\BLtoXML\customs-accounting\frontend\node_modules\@babel\parser\lib\index.js:10821:17)
      at JSXParserMixin.parseMaybeAssignAllowInOrVoidPattern (C:\Users\LMR\Downloads\BLtoXML\customs-accounting\frontend\node_modules\@babel\parser\lib\index.js:12522:17)
      at JSXParserMixin.parseParenAndDistinguishExpression (C:\Users\LMR\Downloads\BLtoXML\customs-accounting\frontend\node_modules\@babel\parser\lib\index.js:11701:28)
      at JSXParserMixin.parseExprAtom (C:\Users\LMR\Downloads\BLtoXML\customs-accounting\frontend\node_modules\@babel\parser\lib\index.js:11357:23)
      at JSXParserMixin.parseExprAtom (C:\Users\LMR\Downloads\BLtoXML\customs-accounting\frontend\node_modules\@babel\parser\lib\index.js:4780:20)
      at JSXParserMixin.parseExprSubscripts (C:\Users\LMR\Downloads\BLtoXML\customs-accounting\frontend\node_modules\@babel\parser\lib\index.js:11102:23)
      at JSXParserMixin.parseUpdate (C:\Users\LMR\Downloads\BLtoXML\customs-accounting\frontend\node_modules\@babel\parser\lib\index.js:11087:21)
      at JSXParserMixin.parseMaybeUnary (C:\Users\LMR\Downloads\BLtoXML\customs-accounting\frontend\node_modules\@babel\parser\lib\index.js:11067:23)
      at JSXParserMixin.parseMaybeUnaryOrPrivate (C:\Users\LMR\Downloads\BLtoXML\customs-accounting\frontend\node_modules\@babel\parser\lib\index.js:10920:61)
      at JSXParserMixin.parseExprOps (C:\Users\LMR\Downloads\BLtoXML\customs-accounting\frontend\node_modules\@babel\parser\lib\index.js:10925:23)
      at JSXParserMixin.parseMaybeConditional (C:\Users\LMR\Downloads\BLtoXML\customs-accounting\frontend\node_modules\@babel\parser\lib\index.js:10902:23)
      at JSXParserMixin.parseMaybeAssign (C:\Users\LMR\Downloads\BLtoXML\customs-accounting\frontend\node_modules\@babel\parser\lib\index.js:10852:21)
      at JSXParserMixin.parseExpressionBase (C:\Users\LMR\Downloads\BLtoXML\customs-accounting\frontend\node_modules\@babel\parser\lib\index.js:10805:23)
      at C:\Users\LMR\Downloads\BLtoXML\customs-accounting\frontend\node_modules\@babel\parser\lib\index.js:10801:39
      at JSXParserMixin.allowInAnd (C:\Users\LMR\Downloads\BLtoXML\customs-accounting\frontend\node_modules\@babel\parser\lib\index.js:12450:16)
      at JSXParserMixin.parseExpression (C:\Users\LMR\Downloads\BLtoXML\customs-accounting\frontend\node_modules\@babel\parser\lib\index.js:10801:17)
      at JSXParserMixin.parseReturnStatement (C:\Users\LMR\Downloads\BLtoXML\customs-accounting\frontend\node_modules\@babel\parser\lib\index.js:13171:28)
      at JSXParserMixin.parseStatementContent (C:\Users\LMR\Downloads\BLtoXML\customs-accounting\frontend\node_modules\@babel\parser\lib\index.js:12827:21)
      at JSXParserMixin.parseStatementLike (C:\Users\LMR\Downloads\BLtoXML\customs-accounting\frontend\node_modules\@babel\parser\lib\index.js:12796:17)
      at JSXParserMixin.parseStatementListItem (C:\Users\LMR\Downloads\BLtoXML\customs-accounting\frontend\node_modules\@babel\parser\lib\index.js:12776:17)
      at JSXParserMixin.parseBlockOrModuleBlockBody (C:\Users\LMR\Downloads\BLtoXML\customs-accounting\frontend\node_modules\@babel\parser\lib\index.js:13345:61)
      at JSXParserMixin.parseBlockBody (C:\Users\LMR\Downloads\BLtoXML\customs-accounting\frontend\node_modules\@babel\parser\lib\index.js:13338:10)
      at JSXParserMixin.parseBlock (C:\Users\LMR\Downloads\BLtoXML\customs-accounting\frontend\node_modules\@babel\parser\lib\index.js:13326:10)
      at JSXParserMixin.parseFunctionBody (C:\Users\LMR\Downloads\BLtoXML\customs-accounting\frontend\node_modules\@babel\parser\lib\index.js:12129:24)
      at JSXParserMixin.parseArrowExpression (C:\Users\LMR\Downloads\BLtoXML\customs-accounting\frontend\node_modules\@babel\parser\lib\index.js:12104:10)
      at JSXParserMixin.parseParenAndDistinguishExpression (C:\Users\LMR\Downloads\BLtoXML\customs-accounting\frontend\node_modules\@babel\parser\lib\index.js:11713:12)
      at JSXParserMixin.parseExprAtom (C:\Users\LMR\Downloads\BLtoXML\customs-accounting\frontend\node_modules\@babel\parser\lib\index.js:11357:23)
      at JSXParserMixin.parseExprAtom (C:\Users\LMR\Downloads\BLtoXML\customs-accounting\frontend\node_modules\@babel\parser\lib\index.js:4780:20)
      at JSXParserMixin.parseExprSubscripts (C:\Users\LMR\Downloads\BLtoXML\customs-accounting\frontend\node_modules\@babel\parser\lib\index.js:11102:23)
      at JSXParserMixin.parseUpdate (C:\Users\LMR\Downloads\BLtoXML\customs-accounting\frontend\node_modules\@babel\parser\lib\index.js:11087:21)
      at JSXParserMixin.parseMaybeUnary (C:\Users\LMR\Downloads\BLtoXML\customs-accounting\frontend\node_modules\@babel\parser\lib\index.js:11067:23)
      at JSXParserMixin.parseMaybeUnaryOrPrivate (C:\Users\LMR\Downloads\BLtoXML\customs-accounting\frontend\node_modules\@babel\parser\lib\index.js:10920:61)
      at JSXParserMixin.parseExprOps (C:\Users\LMR\Downloads\BLtoXML\customs-accounting\frontend\node_modules\@babel\parser\lib\index.js:10925:23)
      at JSXParserMixin.parseMaybeConditional (C:\Users\LMR\Downloads\BLtoXML\customs-accounting\frontend\node_modules\@babel\parser\lib\index.js:10902:23)
      at JSXParserMixin.parseMaybeAssign (C:\Users\LMR\Downloads\BLtoXML\customs-accounting\frontend\node_modules\@babel\parser\lib\index.js:10852:21)
      at C:\Users\LMR\Downloads\BLtoXML\customs-accounting\frontend\node_modules\@babel\parser\lib\index.js:10821:39
[2m8:51:18 AM[22m [31m[1m[vite][22m[39m [31mInternal server error: C:\Users\LMR\Downloads\BLtoXML\customs-accounting\frontend\src\pages\FinishedContainers.jsx: Expected corresponding JSX closing tag for <tr>. (74:18)

[0m [90m 72 |[31m                     [33m<[31m[33m/[31m[33mspan[31m[33m>[31m
 [90m 73 |[31m                   [33m<[31m[33m/[31m[33mtd[31m[33m>[31m
[31m[1m>[22m[31m[90m 74 |[31m                   [33m<[31m[33m/[31m[33mtd[31m[33m>[31m
 [90m    |[31m                   [31m[1m^[22m[31m
 [90m 75 |[31m                 [33m<[31m[33m/[31m[33mtr[31m[33m>[31m
 [90m 76 |[31m               )[33m;[31m
 [90m 77 |[31m             })}[0m[39m
  Plugin: [35mvite:react-babel[39m
  File: [36mC:/Users/LMR/Downloads/BLtoXML/customs-accounting/frontend/src/pages/FinishedContainers.jsx[39m:74:18
[33m  72 |                      </span>
  73 |                    </td>
  74 |                    </td>
     |                    ^
  75 |                  </tr>
  76 |                );[39m
      at constructor (C:\Users\LMR\Downloads\BLtoXML\customs-accounting\frontend\node_modules\@babel\parser\lib\index.js:369:19)
      at JSXParserMixin.raise (C:\Users\LMR\Downloads\BLtoXML\customs-accounting\frontend\node_modules\@babel\parser\lib\index.js:6620:19)
      at JSXParserMixin.jsxParseElementAt (C:\Users\LMR\Downloads\BLtoXML\customs-accounting\frontend\node_modules\@babel\parser\lib\index.js:4743:16)
      at JSXParserMixin.jsxParseElement (C:\Users\LMR\Downloads\BLtoXML\customs-accounting\frontend\node_modules\@babel\parser\lib\index.js:4765:17)
      at JSXParserMixin.parseExprAtom (C:\Users\LMR\Downloads\BLtoXML\customs-accounting\frontend\node_modules\@babel\parser\lib\index.js:4775:19)
      at JSXParserMixin.parseExprSubscripts (C:\Users\LMR\Downloads\BLtoXML\customs-accounting\frontend\node_modules\@babel\parser\lib\index.js:11102:23)
      at JSXParserMixin.parseUpdate (C:\Users\LMR\Downloads\BLtoXML\customs-accounting\frontend\node_modules\@babel\parser\lib\index.js:11087:21)
      at JSXParserMixin.parseMaybeUnary (C:\Users\LMR\Downloads\BLtoXML\customs-accounting\frontend\node_modules\@babel\parser\lib\index.js:11067:23)
      at JSXParserMixin.parseMaybeUnaryOrPrivate (C:\Users\LMR\Downloads\BLtoXML\customs-accounting\frontend\node_modules\@babel\parser\lib\index.js:10920:61)
      at JSXParserMixin.parseExprOps (C:\Users\LMR\Downloads\BLtoXML\customs-accounting\frontend\node_modules\@babel\parser\lib\index.js:10925:23)
      at JSXParserMixin.parseMaybeConditional (C:\Users\LMR\Downloads\BLtoXML\customs-accounting\frontend\node_modules\@babel\parser\lib\index.js:10902:23)
      at JSXParserMixin.parseMaybeAssign (C:\Users\LMR\Downloads\BLtoXML\customs-accounting\frontend\node_modules\@babel\parser\lib\index.js:10852:21)
      at C:\Users\LMR\Downloads\BLtoXML\customs-accounting\frontend\node_modules\@babel\parser\lib\index.js:10821:39
      at JSXParserMixin.allowInAnd (C:\Users\LMR\Downloads\BLtoXML\customs-accounting\frontend\node_modules\@babel\parser\lib\index.js:12455:12)
      at JSXParserMixin.parseMaybeAssignAllowIn (C:\Users\LMR\Downloads\BLtoXML\customs-accounting\frontend\node_modules\@babel\parser\lib\index.js:10821:17)
      at JSXParserMixin.parseMaybeAssignAllowInOrVoidPattern (C:\Users\LMR\Downloads\BLtoXML\customs-accounting\frontend\node_modules\@babel\parser\lib\index.js:12522:17)
      at JSXParserMixin.parseParenAndDistinguishExpression (C:\Users\LMR\Downloads\BLtoXML\customs-accounting\frontend\node_modules\@babel\parser\lib\index.js:11701:28)
      at JSXParserMixin.parseExprAtom (C:\Users\LMR\Downloads\BLtoXML\customs-accounting\frontend\node_modules\@babel\parser\lib\index.js:11357:23)
      at JSXParserMixin.parseExprAtom (C:\Users\LMR\Downloads\BLtoXML\customs-accounting\frontend\node_modules\@babel\parser\lib\index.js:4780:20)
      at JSXParserMixin.parseExprSubscripts (C:\Users\LMR\Downloads\BLtoXML\customs-accounting\frontend\node_modules\@babel\parser\lib\index.js:11102:23)
      at JSXParserMixin.parseUpdate (C:\Users\LMR\Downloads\BLtoXML\customs-accounting\frontend\node_modules\@babel\parser\lib\index.js:11087:21)
      at JSXParserMixin.parseMaybeUnary (C:\Users\LMR\Downloads\BLtoXML\customs-accounting\frontend\node_modules\@babel\parser\lib\index.js:11067:23)
      at JSXParserMixin.parseMaybeUnaryOrPrivate (C:\Users\LMR\Downloads\BLtoXML\customs-accounting\frontend\node_modules\@babel\parser\lib\index.js:10920:61)
      at JSXParserMixin.parseExprOps (C:\Users\LMR\Downloads\BLtoXML\customs-accounting\frontend\node_modules\@babel\parser\lib\index.js:10925:23)
      at JSXParserMixin.parseMaybeConditional (C:\Users\LMR\Downloads\BLtoXML\customs-accounting\frontend\node_modules\@babel\parser\lib\index.js:10902:23)
      at JSXParserMixin.parseMaybeAssign (C:\Users\LMR\Downloads\BLtoXML\customs-accounting\frontend\node_modules\@babel\parser\lib\index.js:10852:21)
      at JSXParserMixin.parseExpressionBase (C:\Users\LMR\Downloads\BLtoXML\customs-accounting\frontend\node_modules\@babel\parser\lib\index.js:10805:23)
      at C:\Users\LMR\Downloads\BLtoXML\customs-accounting\frontend\node_modules\@babel\parser\lib\index.js:10801:39
      at JSXParserMixin.allowInAnd (C:\Users\LMR\Downloads\BLtoXML\customs-accounting\frontend\node_modules\@babel\parser\lib\index.js:12450:16)
      at JSXParserMixin.parseExpression (C:\Users\LMR\Downloads\BLtoXML\customs-accounting\frontend\node_modules\@babel\parser\lib\index.js:10801:17)
      at JSXParserMixin.parseReturnStatement (C:\Users\LMR\Downloads\BLtoXML\customs-accounting\frontend\node_modules\@babel\parser\lib\index.js:13171:28)
      at JSXParserMixin.parseStatementContent (C:\Users\LMR\Downloads\BLtoXML\customs-accounting\frontend\node_modules\@babel\parser\lib\index.js:12827:21)
      at JSXParserMixin.parseStatementLike (C:\Users\LMR\Downloads\BLtoXML\customs-accounting\frontend\node_modules\@babel\parser\lib\index.js:12796:17)
      at JSXParserMixin.parseStatementListItem (C:\Users\LMR\Downloads\BLtoXML\customs-accounting\frontend\node_modules\@babel\parser\lib\index.js:12776:17)
      at JSXParserMixin.parseBlockOrModuleBlockBody (C:\Users\LMR\Downloads\BLtoXML\customs-accounting\frontend\node_modules\@babel\parser\lib\index.js:13345:61)
      at JSXParserMixin.parseBlockBody (C:\Users\LMR\Downloads\BLtoXML\customs-accounting\frontend\node_modules\@babel\parser\lib\index.js:13338:10)
      at JSXParserMixin.parseBlock (C:\Users\LMR\Downloads\BLtoXML\customs-accounting\frontend\node_modules\@babel\parser\lib\index.js:13326:10)
      at JSXParserMixin.parseFunctionBody (C:\Users\LMR\Downloads\BLtoXML\customs-accounting\frontend\node_modules\@babel\parser\lib\index.js:12129:24)
      at JSXParserMixin.parseArrowExpression (C:\Users\LMR\Downloads\BLtoXML\customs-accounting\frontend\node_modules\@babel\parser\lib\index.js:12104:10)
      at JSXParserMixin.parseParenAndDistinguishExpression (C:\Users\LMR\Downloads\BLtoXML\customs-accounting\frontend\node_modules\@babel\parser\lib\index.js:11713:12)
      at JSXParserMixin.parseExprAtom (C:\Users\LMR\Downloads\BLtoXML\customs-accounting\frontend\node_modules\@babel\parser\lib\index.js:11357:23)
      at JSXParserMixin.parseExprAtom (C:\Users\LMR\Downloads\BLtoXML\customs-accounting\frontend\node_modules\@babel\parser\lib\index.js:4780:20)
      at JSXParserMixin.parseExprSubscripts (C:\Users\LMR\Downloads\BLtoXML\customs-accounting\frontend\node_modules\@babel\parser\lib\index.js:11102:23)
      at JSXParserMixin.parseUpdate (C:\Users\LMR\Downloads\BLtoXML\customs-accounting\frontend\node_modules\@babel\parser\lib\index.js:11087:21)
      at JSXParserMixin.parseMaybeUnary (C:\Users\LMR\Downloads\BLtoXML\customs-accounting\frontend\node_modules\@babel\parser\lib\index.js:11067:23)
      at JSXParserMixin.parseMaybeUnaryOrPrivate (C:\Users\LMR\Downloads\BLtoXML\customs-accounting\frontend\node_modules\@babel\parser\lib\index.js:10920:61)
      at JSXParserMixin.parseExprOps (C:\Users\LMR\Downloads\BLtoXML\customs-accounting\frontend\node_modules\@babel\parser\lib\index.js:10925:23)
      at JSXParserMixin.parseMaybeConditional (C:\Users\LMR\Downloads\BLtoXML\customs-accounting\frontend\node_modules\@babel\parser\lib\index.js:10902:23)
      at JSXParserMixin.parseMaybeAssign (C:\Users\LMR\Downloads\BLtoXML\customs-accounting\frontend\node_modules\@babel\parser\lib\index.js:10852:21)
      at C:\Users\LMR\Downloads\BLtoXML\customs-accounting\frontend\node_modules\@babel\parser\lib\index.js:10821:39
[2m8:51:21 AM[22m [36m[1m[vite][22m[39m [32mhmr update [39m[2m/src/pages/PricingQueue.jsx[22m
[2m8:51:21 AM[22m [36m[1m[vite][22m[39m [32mhmr update [39m[2m/src/pages/PricingQueue.jsx[22m
[2m8:51:27 AM[22m [31m[1m[vite][22m[39m [31mInternal server error: C:\Users\LMR\Downloads\BLtoXML\customs-accounting\frontend\src\pages\FinishedContainers.jsx: Expected corresponding JSX closing tag for <tr>. (74:18)

[0m [90m 72 |[31m                     [33m<[31m[33m/[31m[33mspan[31m[33m>[31m
 [90m 73 |[31m                   [33m<[31m[33m/[31m[33mtd[31m[33m>[31m
[31m[1m>[22m[31m[90m 74 |[31m                   [33m<[31m[33m/[31m[33mtd[31m[33m>[31m
 [90m    |[31m                   [31m[1m^[22m[31m
 [90m 75 |[31m                 [33m<[31m[33m/[31m[33mtr[31m[33m>[31m
 [90m 76 |[31m               )[33m;[31m
 [90m 77 |[31m             })}[0m[39m
  Plugin: [35mvite:react-babel[39m
  File: [36mC:/Users/LMR/Downloads/BLtoXML/customs-accounting/frontend/src/pages/FinishedContainers.jsx[39m:74:18
[33m  72 |                      </span>
  73 |                    </td>
  74 |                    </td>
     |                    ^
  75 |                  </tr>
  76 |                );[39m
      at constructor (C:\Users\LMR\Downloads\BLtoXML\customs-accounting\frontend\node_modules\@babel\parser\lib\index.js:369:19)
      at JSXParserMixin.raise (C:\Users\LMR\Downloads\BLtoXML\customs-accounting\frontend\node_modules\@babel\parser\lib\index.js:6620:19)
      at JSXParserMixin.jsxParseElementAt (C:\Users\LMR\Downloads\BLtoXML\customs-accounting\frontend\node_modules\@babel\parser\lib\index.js:4743:16)
      at JSXParserMixin.jsxParseElement (C:\Users\LMR\Downloads\BLtoXML\customs-accounting\frontend\node_modules\@babel\parser\lib\index.js:4765:17)
      at JSXParserMixin.parseExprAtom (C:\Users\LMR\Downloads\BLtoXML\customs-accounting\frontend\node_modules\@babel\parser\lib\index.js:4775:19)
      at JSXParserMixin.parseExprSubscripts (C:\Users\LMR\Downloads\BLtoXML\customs-accounting\frontend\node_modules\@babel\parser\lib\index.js:11102:23)
      at JSXParserMixin.parseUpdate (C:\Users\LMR\Downloads\BLtoXML\customs-accounting\frontend\node_modules\@babel\parser\lib\index.js:11087:21)
      at JSXParserMixin.parseMaybeUnary (C:\Users\LMR\Downloads\BLtoXML\customs-accounting\frontend\node_modules\@babel\parser\lib\index.js:11067:23)
      at JSXParserMixin.parseMaybeUnaryOrPrivate (C:\Users\LMR\Downloads\BLtoXML\customs-accounting\frontend\node_modules\@babel\parser\lib\index.js:10920:61)
      at JSXParserMixin.parseExprOps (C:\Users\LMR\Downloads\BLtoXML\customs-accounting\frontend\node_modules\@babel\parser\lib\index.js:10925:23)
      at JSXParserMixin.parseMaybeConditional (C:\Users\LMR\Downloads\BLtoXML\customs-accounting\frontend\node_modules\@babel\parser\lib\index.js:10902:23)
      at JSXParserMixin.parseMaybeAssign (C:\Users\LMR\Downloads\BLtoXML\customs-accounting\frontend\node_modules\@babel\parser\lib\index.js:10852:21)
      at C:\Users\LMR\Downloads\BLtoXML\customs-accounting\frontend\node_modules\@babel\parser\lib\index.js:10821:39
      at JSXParserMixin.allowInAnd (C:\Users\LMR\Downloads\BLtoXML\customs-accounting\frontend\node_modules\@babel\parser\lib\index.js:12455:12)
      at JSXParserMixin.parseMaybeAssignAllowIn (C:\Users\LMR\Downloads\BLtoXML\customs-accounting\frontend\node_modules\@babel\parser\lib\index.js:10821:17)
      at JSXParserMixin.parseMaybeAssignAllowInOrVoidPattern (C:\Users\LMR\Downloads\BLtoXML\customs-accounting\frontend\node_modules\@babel\parser\lib\index.js:12522:17)
      at JSXParserMixin.parseParenAndDistinguishExpression (C:\Users\LMR\Downloads\BLtoXML\customs-accounting\frontend\node_modules\@babel\parser\lib\index.js:11701:28)
      at JSXParserMixin.parseExprAtom (C:\Users\LMR\Downloads\BLtoXML\customs-accounting\frontend\node_modules\@babel\parser\lib\index.js:11357:23)
      at JSXParserMixin.parseExprAtom (C:\Users\LMR\Downloads\BLtoXML\customs-accounting\frontend\node_modules\@babel\parser\lib\index.js:4780:20)
      at JSXParserMixin.parseExprSubscripts (C:\Users\LMR\Downloads\BLtoXML\customs-accounting\frontend\node_modules\@babel\parser\lib\index.js:11102:23)
      at JSXParserMixin.parseUpdate (C:\Users\LMR\Downloads\BLtoXML\customs-accounting\frontend\node_modules\@babel\parser\lib\index.js:11087:21)
      at JSXParserMixin.parseMaybeUnary (C:\Users\LMR\Downloads\BLtoXML\customs-accounting\frontend\node_modules\@babel\parser\lib\index.js:11067:23)
      at JSXParserMixin.parseMaybeUnaryOrPrivate (C:\Users\LMR\Downloads\BLtoXML\customs-accounting\frontend\node_modules\@babel\parser\lib\index.js:10920:61)
      at JSXParserMixin.parseExprOps (C:\Users\LMR\Downloads\BLtoXML\customs-accounting\frontend\node_modules\@babel\parser\lib\index.js:10925:23)
      at JSXParserMixin.parseMaybeConditional (C:\Users\LMR\Downloads\BLtoXML\customs-accounting\frontend\node_modules\@babel\parser\lib\index.js:10902:23)
      at JSXParserMixin.parseMaybeAssign (C:\Users\LMR\Downloads\BLtoXML\customs-accounting\frontend\node_modules\@babel\parser\lib\index.js:10852:21)
      at JSXParserMixin.parseExpressionBase (C:\Users\LMR\Downloads\BLtoXML\customs-accounting\frontend\node_modules\@babel\parser\lib\index.js:10805:23)
      at C:\Users\LMR\Downloads\BLtoXML\customs-accounting\frontend\node_modules\@babel\parser\lib\index.js:10801:39
      at JSXParserMixin.allowInAnd (C:\Users\LMR\Downloads\BLtoXML\customs-accounting\frontend\node_modules\@babel\parser\lib\index.js:12450:16)
      at JSXParserMixin.parseExpression (C:\Users\LMR\Downloads\BLtoXML\customs-accounting\frontend\node_modules\@babel\parser\lib\index.js:10801:17)
      at JSXParserMixin.parseReturnStatement (C:\Users\LMR\Downloads\BLtoXML\customs-accounting\frontend\node_modules\@babel\parser\lib\index.js:13171:28)
      at JSXParserMixin.parseStatementContent (C:\Users\LMR\Downloads\BLtoXML\customs-accounting\frontend\node_modules\@babel\parser\lib\index.js:12827:21)
      at JSXParserMixin.parseStatementLike (C:\Users\LMR\Downloads\BLtoXML\customs-accounting\frontend\node_modules\@babel\parser\lib\index.js:12796:17)
      at JSXParserMixin.parseStatementListItem (C:\Users\LMR\Downloads\BLtoXML\customs-accounting\frontend\node_modules\@babel\parser\lib\index.js:12776:17)
      at JSXParserMixin.parseBlockOrModuleBlockBody (C:\Users\LMR\Downloads\BLtoXML\customs-accounting\frontend\node_modules\@babel\parser\lib\index.js:13345:61)
      at JSXParserMixin.parseBlockBody (C:\Users\LMR\Downloads\BLtoXML\customs-accounting\frontend\node_modules\@babel\parser\lib\index.js:13338:10)
      at JSXParserMixin.parseBlock (C:\Users\LMR\Downloads\BLtoXML\customs-accounting\frontend\node_modules\@babel\parser\lib\index.js:13326:10)
      at JSXParserMixin.parseFunctionBody (C:\Users\LMR\Downloads\BLtoXML\customs-accounting\frontend\node_modules\@babel\parser\lib\index.js:12129:24)
      at JSXParserMixin.parseArrowExpression (C:\Users\LMR\Downloads\BLtoXML\customs-accounting\frontend\node_modules\@babel\parser\lib\index.js:12104:10)
      at JSXParserMixin.parseParenAndDistinguishExpression (C:\Users\LMR\Downloads\BLtoXML\customs-accounting\frontend\node_modules\@babel\parser\lib\index.js:11713:12)
      at JSXParserMixin.parseExprAtom (C:\Users\LMR\Downloads\BLtoXML\customs-accounting\frontend\node_modules\@babel\parser\lib\index.js:11357:23)
      at JSXParserMixin.parseExprAtom (C:\Users\LMR\Downloads\BLtoXML\customs-accounting\frontend\node_modules\@babel\parser\lib\index.js:4780:20)
      at JSXParserMixin.parseExprSubscripts (C:\Users\LMR\Downloads\BLtoXML\customs-accounting\frontend\node_modules\@babel\parser\lib\index.js:11102:23)
      at JSXParserMixin.parseUpdate (C:\Users\LMR\Downloads\BLtoXML\customs-accounting\frontend\node_modules\@babel\parser\lib\index.js:11087:21)
      at JSXParserMixin.parseMaybeUnary (C:\Users\LMR\Downloads\BLtoXML\customs-accounting\frontend\node_modules\@babel\parser\lib\index.js:11067:23)
      at JSXParserMixin.parseMaybeUnaryOrPrivate (C:\Users\LMR\Downloads\BLtoXML\customs-accounting\frontend\node_modules\@babel\parser\lib\index.js:10920:61)
      at JSXParserMixin.parseExprOps (C:\Users\LMR\Downloads\BLtoXML\customs-accounting\frontend\node_modules\@babel\parser\lib\index.js:10925:23)
      at JSXParserMixin.parseMaybeConditional (C:\Users\LMR\Downloads\BLtoXML\customs-accounting\frontend\node_modules\@babel\parser\lib\index.js:10902:23)
      at JSXParserMixin.parseMaybeAssign (C:\Users\LMR\Downloads\BLtoXML\customs-accounting\frontend\node_modules\@babel\parser\lib\index.js:10852:21)
      at C:\Users\LMR\Downloads\BLtoXML\customs-accounting\frontend\node_modules\@babel\parser\lib\index.js:10821:39
[2m8:51:33 AM[22m [36m[1m[vite][22m[39m [32mhmr update [39m[2m/src/pages/FinishedContainers.jsx[22m
[2m9:00:32 AM[22m [36m[1m[vite][22m[39m [32mhmr update [39m[2m/src/contexts/AuthContext.jsx, /src/pages/Customers.jsx, /src/pages/Dashboard.jsx, /src/pages/PricingQueue.jsx, /src/pages/Users.jsx, /src/pages/InvoiceTypes.jsx, /src/pages/FinishedContainers.jsx, /src/pages/CustomerStatement.jsx, /src/pages/Expenses.jsx, /src/pages/CustomerBalance.jsx, /src/pages/Reports.jsx, /src/pages/Financial.jsx, /src/pages/GeneralExpenses.jsx, /src/pages/ListeBL.jsx, /src/components/ChargesAPayer.jsx[22m
[2m9:00:32 AM[22m [36m[1m[vite][22m[39m [33mhmr invalidate [39m[2m/src/contexts/AuthContext.jsx[22m Could not Fast Refresh ("useAuth" export is incompatible). Learn more at https://github.com/vitejs/vite-plugin-react/tree/main/packages/plugin-react#consistent-components-exports
[2m9:00:32 AM[22m [36m[1m[vite][22m[39m [32mpage reload [39m[2msrc/contexts/AuthContext.jsx[22m
[2m9:00:32 AM[22m [36m[1m[vite][22m[39m [33mhmr invalidate [39m[2m/src/pages/Dashboard.jsx[22m Could not Fast Refresh ("fmt" export is incompatible). Learn more at https://github.com/vitejs/vite-plugin-react/tree/main/packages/plugin-react#consistent-components-exports
[2m9:00:32 AM[22m [36m[1m[vite][22m[39m [32mhmr update [39m[2m/src/App.jsx, /src/pages/Customers.jsx, /src/pages/PricingQueue.jsx, /src/pages/FinishedContainers.jsx, /src/pages/CustomerStatement.jsx, /src/pages/Expenses.jsx, /src/pages/CustomerBalance.jsx, /src/pages/Reports.jsx, /src/pages/Financial.jsx, /src/pages/GeneralExpenses.jsx, /src/pages/ListeBL.jsx, /src/components/ChargesAPayer.jsx[22m
[2m9:00:32 AM[22m [36m[1m[vite][22m[39m [33mhmr invalidate [39m[2m/src/components/ChargesAPayer.jsx[22m Could not Fast Refresh ("exportCsv" export is incompatible). Learn more at https://github.com/vitejs/vite-plugin-react/tree/main/packages/plugin-react#consistent-components-exports
[2m9:00:32 AM[22m [36m[1m[vite][22m[39m [32mhmr update [39m[2m/src/pages/ListeBL.jsx[22m
[2m9:00:43 AM[22m [36m[1m[vite][22m[39m [32mhmr update [39m[2m/src/pages/ListeBL.jsx[22m
[2m9:00:45 AM[22m [36m[1m[vite][22m[39m [32mhmr update [39m[2m/src/pages/ListeBL.jsx[22m
[2m9:00:51 AM[22m [36m[1m[vite][22m[39m [32mhmr update [39m[2m/src/pages/ListeBL.jsx[22m
[2m9:01:04 AM[22m [36m[1m[vite][22m[39m [32mhmr update [39m[2m/src/pages/ListeBL.jsx[22m
[2m9:28:12 AM[22m [36m[1m[vite][22m[39m [32mhmr update [39m[2m/src/contexts/AuthContext.jsx, /src/pages/Customers.jsx, /src/pages/Dashboard.jsx, /src/pages/PricingQueue.jsx, /src/pages/Users.jsx, /src/pages/InvoiceTypes.jsx, /src/pages/FinishedContainers.jsx, /src/pages/CustomerStatement.jsx, /src/pages/Expenses.jsx, /src/pages/CustomerBalance.jsx, /src/pages/Reports.jsx, /src/pages/Financial.jsx, /src/pages/GeneralExpenses.jsx, /src/pages/ListeBL.jsx, /src/components/ChargesAPayer.jsx[22m
[2m9:28:12 AM[22m [36m[1m[vite][22m[39m [33mhmr invalidate [39m[2m/src/contexts/AuthContext.jsx[22m Could not Fast Refresh ("useAuth" export is incompatible). Learn more at https://github.com/vitejs/vite-plugin-react/tree/main/packages/plugin-react#consistent-components-exports
[2m9:28:12 AM[22m [36m[1m[vite][22m[39m [32mpage reload [39m[2msrc/contexts/AuthContext.jsx[22m
[2m9:28:12 AM[22m [36m[1m[vite][22m[39m [33mhmr invalidate [39m[2m/src/pages/Dashboard.jsx[22m Could not Fast Refresh ("fmt" export is incompatible). Learn more at https://github.com/vitejs/vite-plugin-react/tree/main/packages/plugin-react#consistent-components-exports
[2m9:28:12 AM[22m [36m[1m[vite][22m[39m [32mhmr update [39m[2m/src/App.jsx, /src/pages/Customers.jsx, /src/pages/PricingQueue.jsx, /src/pages/FinishedContainers.jsx, /src/pages/CustomerStatement.jsx, /src/pages/Expenses.jsx, /src/pages/CustomerBalance.jsx, /src/pages/Reports.jsx, /src/pages/Financial.jsx, /src/pages/GeneralExpenses.jsx, /src/pages/ListeBL.jsx, /src/components/ChargesAPayer.jsx[22m
[2m9:28:12 AM[22m [36m[1m[vite][22m[39m [33mhmr invalidate [39m[2m/src/components/ChargesAPayer.jsx[22m Could not Fast Refresh ("exportCsv" export is incompatible). Learn more at https://github.com/vitejs/vite-plugin-react/tree/main/packages/plugin-react#consistent-components-exports
[2m9:28:12 AM[22m [36m[1m[vite][22m[39m [32mhmr update [39m[2m/src/pages/ListeBL.jsx[22m
[2m9:28:18 AM[22m [36m[1m[vite][22m[39m [32mhmr update [39m[2m/src/pages/ListeBL.jsx[22m
[2m9:28:25 AM[22m [36m[1m[vite][22m[39m [32mhmr update [39m[2m/src/pages/ListeBL.jsx[22m
[2m9:28:29 AM[22m [36m[1m[vite][22m[39m [32mhmr update [39m[2m/src/pages/ListeBL.jsx[22m
[2m9:28:37 AM[22m [36m[1m[vite][22m[39m [32mhmr update [39m[2m/src/pages/ListeBL.jsx[22m
[2m9:28:45 AM[22m [36m[1m[vite][22m[39m [32mhmr update [39m[2m/src/pages/ListeBL.jsx[22m
[2m9:28:52 AM[22m [36m[1m[vite][22m[39m [32mhmr update [39m[2m/src/pages/ListeBL.jsx[22m
[2m9:29:09 AM[22m [36m[1m[vite][22m[39m [32mhmr update [39m[2m/src/pages/ListeBL.jsx[22m
[2m9:29:24 AM[22m [36m[1m[vite][22m[39m [32mhmr update [39m[2m/src/index.css[22m
[2m9:29:50 AM[22m [36m[1m[vite][22m[39m [32mhmr update [39m[2m/src/pages/ListeBL.jsx[22m
[2m10:07:30 AM[22m [36m[1m[vite][22m[39m [32mhmr update [39m[2m/src/pages/Login.jsx[22m
[2m10:07:47 AM[22m [36m[1m[vite][22m[39m [32mhmr update [39m[2m/src/pages/Login.jsx[22m
[2m10:07:50 AM[22m [36m[1m[vite][22m[39m [32mhmr update [39m[2m/src/pages/CustomerStatement.jsx[22m
[2m10:07:54 AM[22m [36m[1m[vite][22m[39m [32mhmr update [39m[2m/src/pages/CustomerStatement.jsx[22m
[2m10:08:02 AM[22m [36m[1m[vite][22m[39m [32mhmr update [39m[2m/src/index.css[22m
[2m10:08:06 AM[22m [36m[1m[vite][22m[39m [32mhmr update [39m[2m/src/index.css[22m
